#
# maqetta plugins
#
plugin@davinci.dojo_1_8=GIT,tag=zazl-build,repo=https://github.com/maqetta/maqetta.git,path=/davinci.dojo_1_8
plugin@maqetta.clipart=GIT,tag=zazl-build,repo=https://github.com/maqetta/maqetta.git,path=/maqetta.clipart
#plugin@org.apache.commons.io=GIT,tag=zazl-build,repo=https://github.com/maqetta/maqetta.git,path=/org.apache.commons.io
plugin@davinci.core=GIT,tag=zazl-build,repo=https://github.com/maqetta/maqetta.git,path=/davinci.core
plugin@davinci.gridx=GIT,tag=zazl-build,repo=https://github.com/maqetta/maqetta.git,path=/davinci.gridx
# plugin@davinci.server.gzip=GIT,tag=zazl-build,repo=https://github.com/maqetta/maqetta.git,path=/davinci.server.gzip  
plugin@maqetta.core.client=GIT,tag=zazl-build,repo=https://github.com/maqetta/maqetta.git,path=/maqetta.core.client
plugin@maqetta.server.orion=GIT,tag=zazl-build,repo=https://github.com/maqetta/maqetta.git,path=/maqetta.server.orion
plugin@davinci.html=GIT,tag=zazl-build,repo=https://github.com/maqetta/maqetta.git,path=/davinci.html
plugin@maqetta.core.server=GIT,tag=zazl-build,repo=https://github.com/maqetta/maqetta.git,path=/maqetta.core.server
plugin@maqetta.shapes=GIT,tag=zazl-build,repo=https://github.com/maqetta/maqetta.git,path=/maqetta.shapes
#plugin@davinci.joomla=GIT,tag=zazl-build,repo=https://github.com/maqetta/maqetta.git,path=/davinci.joomla
plugin@maqetta.client.orion=GIT,tag=zazl-build,repo=https://github.com/maqetta/maqetta.git,path=/maqetta.client.orion
# plugin@maqetta.core.server.standalone=GIT,tag=zazl-build,repo=https://github.com/maqetta/maqetta.git,path=/maqetta.core.server.standalone
plugin@org.apache.commons.fileupload=GIT,tag=zazl-build,repo=https://github.com/maqetta/maqetta.git,path=/org.apache.commons.fileupload
# plugin@davinci.product=GIT,tag=zazl-build,repo=https://github.com/maqetta/maqetta.git,path=/releng/davinci.product
plugin@maqetta.server.orion.hosted=GIT,tag=zazl-build,repo=https://github.com/maqetta/maqetta.git,path=/maqetta.server.orion.hosted
plugin@davinci.gridx=GIT,tag=zazl-build,repo=https://github.com/maqetta/maqetta.git,path=/davinci.gridx
plugin@maqetta.server.orion.standard=GIT,tag=zazl-build,repo=https://github.com/maqetta/maqetta.git,path=/maqetta.server.orion.standard

#
# maqetta features
#
feature@maqetta.orion.feature=GIT,tag=zazl-build,repo=https://github.com/maqetta/maqetta.git,path=/maqetta.orion.feature
feature@maqetta.orion.hosted.feature=GIT,tag=zazl-build,repo=https://github.com/maqetta/maqetta.git,path=/maqetta.orion.hosted.feature

#
# zazl plugins
#
plugin@maqetta.zazl=GIT,tag=zazl-build,repo=https://github.com/maqetta/maqetta.git,path=/zazl/maqetta.zazl
plugin@org.cyberneko.html=GIT,tag=zazl-build,repo=https://github.com/maqetta/maqetta.git,path=/zazl/dependencies/org.cyberneko.html
plugin@org.dojotoolkit.compressor=GIT,tag=zazl-build,repo=https://github.com/maqetta/maqetta.git,path=/zazl/optimizer/org.dojotoolkit.compressor
plugin@org.dojotoolkit.compressor.shrinksafe=GIT,tag=zazl-build,repo=https://github.com/maqetta/maqetta.git,path=/zazl/optimizer/org.dojotoolkit.compressor.shrinksafe
plugin@org.dojotoolkit.json=GIT,tag=zazl-build,repo=https://github.com/maqetta/maqetta.git,path=/zazl/optimizer/org.dojotoolkit.json
plugin@org.dojotoolkit.optimizer=GIT,tag=zazl-build,repo=https://github.com/maqetta/maqetta.git,path=/zazl/optimizer/org.dojotoolkit.optimizer
plugin@org.dojotoolkit.optimizer.amd=GIT,tag=zazl-build,repo=https://github.com/maqetta/maqetta.git,path=/zazl/optimizer/org.dojotoolkit.optimizer.amd
plugin@org.dojotoolkit.optimizer.amd.rhinoast=GIT,tag=zazl-build,repo=https://github.com/maqetta/maqetta.git,path=/zazl/optimizer/org.dojotoolkit.optimizer.amd.rhinoast
plugin@org.dojotoolkit.optimizer.servlet=GIT,tag=zazl-build,repo=https://github.com/maqetta/maqetta.git,path=/zazl/optimizer/org.dojotoolkit.optimizer.servlet
plugin@org.dojotoolkit.server.util=GIT,tag=zazl-build,repo=https://github.com/maqetta/maqetta.git,path=/zazl/optimizer/org.dojotoolkit.server.util
plugin@org.dojotoolkit.server.util.js=GIT,tag=zazl-build,repo=https://github.com/maqetta/maqetta.git,path=/zazl/optimizer/org.dojotoolkit.server.util.js
plugin@org.dojotoolkit.shrinksafe=GIT,tag=zazl-build,repo=https://github.com/maqetta/maqetta.git,path=/zazl/dependencies/org.dojotoolkit.shrinksafe

# org.json plugin provided in the orion dependencies.
#plugin@org.json=GIT,tag=zazl-build,repo=https://github.com/maqetta/maqetta.git,path=/zazl/dependencies/org.json

plugin@org.mozilla.javascript=GIT,tag=zazl-build,repo=https://github.com/maqetta/maqetta.git,path=/zazl/dependencies/org.mozilla.javascript
fragment@org.dojotoolkit.optimizer.amd.fragment=GIT,tag=zazl-build,repo=https://github.com/maqetta/maqetta.git,path=/zazl/org.dojotoolkit.optimizer.amd.fragment

#
# zazl feature
#
feature@maqetta.zazl.feature=GIT,tag=zazl-build,repo=https://github.com/maqetta/maqetta.git,path=/zazl/maqetta.zazl.feature
