	
plugin@ch.qos.logback.classic,1.0.0=p2IU,id=ch.qos.logback.classic,version=1.0.0.v20111214-2030,repository=http://download.eclipse.org/tools/orbit/downloads/drops/R20120526062928/repository
plugin@ch.qos.logback.core,1.0.0=p2IU,id=ch.qos.logback.core,version=1.0.0.v20111214-2030,repository=http://download.eclipse.org/tools/orbit/downloads/drops/R20120526062928/repository
fragment@ch.qos.logback.slf4j,1.0.0=p2IU,id=ch.qos.logback.slf4j,version=1.0.0.v20120123-1500,repository=http://download.eclipse.org/tools/orbit/downloads/drops/R20120526062928/repository

plugin@com.ibm.icu,4.2.1=p2IU,id=com.ibm.icu,version=4.2.1.v20100412,repository=http://download.eclipse.org/tools/orbit/downloads/drops/R20120526062928/repository
plugin@com.ibm.icu.source,4.2.1=p2IU,id=com.ibm.icu.source,version=4.2.1.v20100412,repository=http://download.eclipse.org/tools/orbit/downloads/drops/R20120526062928/repository
plugin@com.jcraft.jsch,0.1.44=p2IU,id=com.jcraft.jsch,version=0.1.44.v201101211721,repository=http://download.eclipse.org/tools/orbit/downloads/drops/R20120526062928/repository
plugin@com.jcraft.jsch.source,0.1.44=p2IU,id=com.jcraft.jsch.source,version=0.1.44.v201101211721,repository=http://download.eclipse.org/tools/orbit/downloads/drops/R20120526062928/repository
plugin@javax.xml,1.3.4=p2IU,id=javax.xml,version=1.3.4.v201005080400,repository=http://download.eclipse.org/tools/orbit/downloads/drops/R20120526062928/repository
plugin@org.json,1.0.0=p2IU,id=org.json,version=1.0.0.v201011060100,repository=http://download.eclipse.org/tools/orbit/downloads/drops/R20120526062928/repository

plugin@org.apache.commons.codec,1.3.0=p2IU,id=org.apache.commons.codec,version=1.3.0.v201101211617,repository=http://download.eclipse.org/tools/orbit/downloads/drops/R20120526062928/repository
plugin@org.apache.commons.fileupload,1.2.2=p2IU,id=org.apache.commons.fileupload,version=1.2.2.v20111214-1400,repository=http://download.eclipse.org/tools/orbit/downloads/drops/R20120526062928/repository
plugin@org.apache.commons.httpclient,3.1.0=p2IU,id=org.apache.commons.httpclient,version=3.1.0.v201012070820,repository=http://download.eclipse.org/tools/orbit/downloads/drops/R20120526062928/repository
plugin@org.apache.commons.io,2.0.1=p2IU,id=org.apache.commons.io,version=2.0.1.v201105210651,repository=http://download.eclipse.org/tools/orbit/downloads/drops/R20120526062928/repository
plugin@org.apache.commons.logging,1.1.1=p2IU,id=org.apache.commons.logging,version=1.1.1.v201101211721,repository=http://download.eclipse.org/tools/orbit/downloads/drops/R20120526062928/repository

plugin@org.apache.lucene,3.5.0=p2IU,id=org.apache.lucene,version=3.5.0.v20120319-2345,repository=http://download.eclipse.org/tools/orbit/downloads/drops/R20120526062928/repository
plugin@org.apache.lucene.analysis,3.5.0=p2IU,id=org.apache.lucene.analysis,version=3.5.0.v20120319-2345,repository=http://download.eclipse.org/tools/orbit/downloads/drops/R20120526062928/repository
plugin@org.apache.lucene.core,3.5.0=p2IU,id=org.apache.lucene.core,version=3.5.0.v20120319-2345,repository=http://download.eclipse.org/tools/orbit/downloads/drops/R20120526062928/repository
plugin@org.apache.lucene.grouping,3.5.0=p2IU,id=org.apache.lucene.grouping,version=3.5.0.v20120319-2345,repository=http://download.eclipse.org/tools/orbit/downloads/drops/R20120526062928/repository
plugin@org.apache.lucene.highlighter,3.5.0=p2IU,id=org.apache.lucene.highlighter,version=3.5.0.v20120319-2345,repository=http://download.eclipse.org/tools/orbit/downloads/drops/R20120526062928/repository
plugin@org.apache.lucene.memory,3.5.0=p2IU,id=org.apache.lucene.memory,version=3.5.0.v20120319-2345,repository=http://download.eclipse.org/tools/orbit/downloads/drops/R20120526062928/repository
plugin@org.apache.lucene.misc,3.5.0=p2IU,id=org.apache.lucene.misc,version=3.5.0.v20120319-2345,repository=http://download.eclipse.org/tools/orbit/downloads/drops/R20120526062928/repository
plugin@org.apache.lucene.queries,3.5.0=p2IU,id=org.apache.lucene.queries,version=3.5.0.v20120319-2345,repository=http://download.eclipse.org/tools/orbit/downloads/drops/R20120526062928/repository
plugin@org.apache.lucene.spatial,3.5.0=p2IU,id=org.apache.lucene.spatial,version=3.5.0.v20120319-2345,repository=http://download.eclipse.org/tools/orbit/downloads/drops/R20120526062928/repository
plugin@org.apache.lucene.spellchecker,3.5.0=p2IU,id=org.apache.lucene.spellchecker,version=3.5.0.v20120319-2345,repository=http://download.eclipse.org/tools/orbit/downloads/drops/R20120526062928/repository

plugin@org.apache.solr.client.solrj,3.5.0=p2IU,id=org.apache.solr.client.solrj,version=3.5.0.v20120319-2345,repository=http://download.eclipse.org/tools/orbit/downloads/drops/R20120526062928/repository
plugin@org.apache.solr.core,3.5.0=p2IU,id=org.apache.solr.core,version=3.5.0.v20120320-2000,repository=http://download.eclipse.org/tools/orbit/downloads/drops/R20120526062928/repository

plugin@org.apache.xerces,2.9.0=p2IU,id=org.apache.xerces,version=2.9.0.v201101211617,repository=http://download.eclipse.org/tools/orbit/downloads/drops/R20120526062928/repository
plugin@org.apache.xml.resolver,1.2.0=p2IU,id=org.apache.xml.resolver,version=1.2.0.v201005080400,repository=http://download.eclipse.org/tools/orbit/downloads/drops/R20120526062928/repository
plugin@org.apache.xml.serializer,2.7.1=p2IU,id=org.apache.xml.serializer,version=2.7.1.v201005080400,repository=http://download.eclipse.org/tools/orbit/downloads/drops/R20120526062928/repository

plugin@org.cyberneko.html,1.9.14=p2IU,id=org.cyberneko.html,version=1.9.14.v201105210654,repository=http://download.eclipse.org/tools/orbit/downloads/drops/R20120526062928/repository

plugin@org.hamcrest.core,1.1.0=p2IU,id=org.hamcrest.core,version=1.1.0.v20090501071000,repository=http://download.eclipse.org/tools/orbit/downloads/drops/R20120526062928/repository
plugin@org.hamcrest.core.source,1.1.0=p2IU,id=org.hamcrest.core.source,version=1.1.0.v20090501071000,repository=http://download.eclipse.org/tools/orbit/downloads/drops/R20120526062928/repository

plugin@org.junit,4.8.2=p2IU,id=org.junit,version=4.8.2.v4_8_2_v20110321-1705,repository=http://download.eclipse.org/tools/orbit/downloads/drops/R20120526062928/repository
plugin@org.junit.source,4.8.2=p2IU,id=org.junit.source,version=4.8.2.v4_8_2_v20110321-1705,repository=http://download.eclipse.org/tools/orbit/downloads/drops/R20120526062928/repository

plugin@org.mozilla.javascript,1.7.2=p2IU,id=org.mozilla.javascript,version=1.7.2.v201005080400,repository=http://download.eclipse.org/tools/orbit/downloads/drops/R20120526062928/repository
plugin@org.mozilla.javascript.source,1.7.2=p2IU,id=org.mozilla.javascript.source,version=1.7.2.v201005080400,repository=http://download.eclipse.org/tools/orbit/downloads/drops/R20120526062928/repository

plugin@org.slf4j.api,1.6.4=p2IU,id=org.slf4j.api,version=1.6.4.v20120130-2120,repository=http://download.eclipse.org/tools/orbit/downloads/drops/R20120526062928/repository
plugin@org.slf4j.jcl,1.6.4=p2IU,id=org.slf4j.jcl,version=1.6.4.v20120130-2120,repository=http://download.eclipse.org/tools/orbit/downloads/drops/R20120526062928/repository

plugin@javax.mail.glassfish,1.4.1=p2IU,id=javax.mail.glassfish,version=1.4.1.v201108011116,repository=http://download.eclipse.org/tools/orbit/downloads/drops/R20120526062928/repository
plugin@javax.activation,1.1.0=p2IU,id=javax.activation,version=1.1.0.v201108011116,repository=http://download.eclipse.org/tools/orbit/downloads/drops/R20120526062928/repository

plugin@org.openid4java,0.9.5=p2IU,id=org.openid4java,version=0.9.5.v201105210655,repository=http://download.eclipse.org/tools/orbit/downloads/drops/R20120526062928/repository

#eclipse platform 4.2 dependencies for org.eclipse.orion.server.ui.feature
plugin@javax.annotation,1.0.0=p2IU,id=javax.annotation,version=1.0.0.v20101115-0725,repository=http://download.eclipse.org/tools/orbit/downloads/drops/R20120526062928/repository
plugin@javax.annotation.source,1.0.0=p2IU,id=javax.annotation.source,version=1.0.0.v20101115-0725,repository=http://download.eclipse.org/tools/orbit/downloads/drops/R20120526062928/repository
plugin@javax.inject,1.0.0=p2IU,id=javax.inject,version=1.0.0.v20091030,repository=http://download.eclipse.org/tools/orbit/downloads/drops/R20120526062928/repository
plugin@javax.inject.source,1.0.0=p2IU,id=javax.inject.source,version=1.0.0.v20091030,repository=http://download.eclipse.org/tools/orbit/downloads/drops/R20120526062928/repository
plugin@javax.xml,1.3.4=p2IU,id=javax.xml,version=1.3.4.v201005080400,repository=http://download.eclipse.org/tools/orbit/downloads/drops/R20120526062928/repository
plugin@org.apache.batik.css,1.6.0=p2IU,id=org.apache.batik.css,version=1.6.0.v201011041432,repository=http://download.eclipse.org/tools/orbit/downloads/drops/R20120526062928/repository
plugin@org.apache.batik.css.source,1.6.0=p2IU,id=org.apache.batik.css.source,version=1.6.0.v201011041432,repository=http://download.eclipse.org/tools/orbit/downloads/drops/R20120526062928/repository
plugin@org.apache.batik.util,1.6.0=p2IU,id=org.apache.batik.util,version=1.6.0.v201011041432,repository=http://download.eclipse.org/tools/orbit/downloads/drops/R20120526062928/repository
plugin@org.apache.batik.util.source,1.6.0=p2IU,id=org.apache.batik.util.source,version=1.6.0.v201011041432,repository=http://download.eclipse.org/tools/orbit/downloads/drops/R20120526062928/repository
plugin@org.apache.batik.util.gui,1.6.0=p2IU,id=org.apache.batik.util.gui,version=1.6.0.v201011041432,repository=http://download.eclipse.org/tools/orbit/downloads/drops/R20120526062928/repository
plugin@org.apache.batik.util.gui.source,1.6.0=p2IU,id=org.apache.batik.util.gui.source,version=1.6.0.v201011041432,repository=http://download.eclipse.org/tools/orbit/downloads/drops/R20120526062928/repository
plugin@org.w3c.dom.smil,1.0.0=p2IU,id=org.w3c.dom.smil,version=1.0.0.v200806040011,repository=http://download.eclipse.org/tools/orbit/downloads/drops/R20120526062928/repository
plugin@org.w3c.dom.smil.source,1.0.0=p2IU,id=org.w3c.dom.smil.source,version=1.0.0.v200806040011,repository=http://download.eclipse.org/tools/orbit/downloads/drops/R20120526062928/repository
plugin@org.w3c.dom.svg,1.1.0=p2IU,id=org.w3c.dom.svg,version=1.1.0.v201011041433,repository=http://download.eclipse.org/tools/orbit/downloads/drops/R20120526062928/repository
plugin@org.w3c.dom.svg.source,1.1.0=p2IU,id=org.w3c.dom.svg.source,version=1.1.0.v201011041433,repository=http://download.eclipse.org/tools/orbit/downloads/drops/R20120526062928/repository
plugin@org.w3c.css.sac,1.3.1=p2IU,id=org.w3c.css.sac,version=1.3.1.v200903091627,repository=http://download.eclipse.org/tools/orbit/downloads/drops/R20120526062928/repository
plugin@org.w3c.css.sac.source,1.3.1=p2IU,id=org.w3c.css.sac.source,version=1.3.1.v200903091627,repository=http://download.eclipse.org/tools/orbit/downloads/drops/R20120526062928/repository
