#client
plugin@org.eclipse.orion.client.core=GIT,tag=v20120417-1507,repo=git://git.eclipse.org/gitroot/orion/org.eclipse.orion.client.git,path=bundles/org.eclipse.orion.client.core
plugin@org.eclipse.orion.client.editor=GIT,tag=v20120417-1351,repo=git://git.eclipse.org/gitroot/orion/org.eclipse.orion.client.git,path=bundles/org.eclipse.orion.client.editor
plugin@org.eclipse.orion.client.users=GIT,tag=v20120417-1255,repo=git://git.eclipse.org/gitroot/orion/org.eclipse.orion.client.git,path=bundles/org.eclipse.orion.client.users
plugin@org.eclipse.orion.client.git=GIT,tag=v20120417-1408,repo=git://git.eclipse.org/gitroot/orion/org.eclipse.orion.client.git,path=bundles/org.eclipse.orion.client.git
plugin@org.eclipse.orion.dojo=GIT,tag=v20110509-1730,repo=git://git.eclipse.org/gitroot/orion/org.eclipse.orion.client.git,path=bundles/org.eclipse.orion.dojo

#server
plugin@org.eclipse.orion.launching=GIT,tag=v20110309-2156,repo=git://git.eclipse.org/gitroot/orion/org.eclipse.orion.server.git,path=bundles/org.eclipse.orion.launching
plugin@org.eclipse.orion.server.core=GIT,tag=v20120314-1651,repo=git://git.eclipse.org/gitroot/orion/org.eclipse.orion.server.git,path=bundles/org.eclipse.orion.server.core
plugin@org.eclipse.orion.server.servlets=GIT,tag=v20120316-1906,repo=git://git.eclipse.org/gitroot/orion/org.eclipse.orion.server.git,path=bundles/org.eclipse.orion.server.servlets
plugin@org.eclipse.orion.server.configurator=GIT,tag=v20120417-1521,repo=git://git.eclipse.org/gitroot/orion/org.eclipse.orion.server.git,path=bundles/org.eclipse.orion.server.configurator
plugin@org.eclipse.orion.server.basicauth=GIT,tag=v20110309-2156,repo=git://git.eclipse.org/gitroot/orion/org.eclipse.orion.server.git,path=bundles/org.eclipse.orion.server.basicauth
plugin@org.eclipse.orion.server.authentication.form=GIT,tag=v20120404-0125,repo=git://git.eclipse.org/gitroot/orion/org.eclipse.orion.server.git,path=bundles/org.eclipse.orion.server.authentication.form
plugin@org.eclipse.orion.server.authentication.form.core=GIT,tag=v20111005-0619,repo=git://git.eclipse.org/gitroot/orion/org.eclipse.orion.server.git,path=bundles/org.eclipse.orion.server.authentication.form.core
plugin@org.eclipse.orion.server.authentication.formopenid=GIT,tag=v20120404-0125,repo=git://git.eclipse.org/gitroot/orion/org.eclipse.orion.server.git,path=bundles/org.eclipse.orion.server.authentication.formopenid
plugin@org.eclipse.orion.server.authentication.openid=GIT,tag=v20120404-0125,repo=git://git.eclipse.org/gitroot/orion/org.eclipse.orion.server.git,path=bundles/org.eclipse.orion.server.authentication.openid
plugin@org.eclipse.orion.server.authentication.openid.core=GIT,tag=v20120203-1714,repo=git://git.eclipse.org/gitroot/orion/org.eclipse.orion.server.git,path=bundles/org.eclipse.orion.server.authentication.openid.core
plugin@org.eclipse.orion.server.authentication.basic=GIT,tag=v20111223-2128,repo=git://git.eclipse.org/gitroot/orion/org.eclipse.orion.server.git,path=bundles/org.eclipse.orion.server.authentication.basic
plugin@org.eclipse.orion.server.git=GIT,tag=v20120416-1250,repo=git://git.eclipse.org/gitroot/orion/org.eclipse.orion.server.git,path=bundles/org.eclipse.orion.server.git
plugin@org.eclipse.orion.server.sshconfig.userprofile=GIT,tag=v20110420-1839,repo=git://git.eclipse.org/gitroot/orion/org.eclipse.orion.server.git,path=bundles/org.eclipse.orion.server.sshconfig.userprofile
plugin@org.eclipse.orion.server.user.securestorage=GIT,tag=v20120210-1503,repo=git://git.eclipse.org/gitroot/orion/org.eclipse.orion.server.git,path=bundles/org.eclipse.orion.server.user.securestorage
plugin@org.eclipse.orion.server.useradmin=GIT,tag=v20120210-1503,repo=git://git.eclipse.org/gitroot/orion/org.eclipse.orion.server.git,path=bundles/org.eclipse.orion.server.useradmin
plugin@org.eclipse.orion.server.useradmin.xml=GIT,tag=v20110412-0931,repo=git://git.eclipse.org/gitroot/orion/org.eclipse.orion.server.git,path=bundles/org.eclipse.orion.server.useradmin.xml
plugin@org.eclipse.orion.server.search=GIT,tag=v20120203-1733,repo=git://git.eclipse.org/gitroot/orion/org.eclipse.orion.server.git,path=bundles/org.eclipse.orion.server.search
fragment@org.eclipse.orion.server.logback.config=GIT,tag=v20111007-1713,repo=git://git.eclipse.org/gitroot/orion/org.eclipse.orion.server.git,path=bundles/org.eclipse.orion.server.logback.config
plugin@org.eclipse.orion.server.hosting=GIT,tag=v20120207-2112,repo=git://git.eclipse.org/gitroot/orion/org.eclipse.orion.server.git,path=bundles/org.eclipse.orion.server.hosting

#ui
plugin@org.eclipse.orion.server.ui=GIT,tag=v20110606-1500,repo=git://git.eclipse.org/gitroot/orion/org.eclipse.orion.server.git,path=bundles/org.eclipse.orion.server.ui

#doc
plugin@org.eclipse.orion.doc.isv=GIT,tag=v20120417-1521,repo=git://git.eclipse.org/gitroot/orion/org.eclipse.orion.server.git,path=doc/org.eclipse.orion.doc.isv
plugin@org.eclipse.orion.doc.user=GIT,tag=v20120413-2008,repo=git://git.eclipse.org/gitroot/orion/org.eclipse.orion.server.git,path=doc/org.eclipse.orion.doc.user


plugin@org.eclipse.e4.languages.javascript.framework=CVS,tag=v20101028-1345,cvsRoot=:pserver:anonymous@dev.eclipse.org:/cvsroot/eclipse,path=e4/org.eclipse.e4.languages/bundles/org.eclipse.e4.languages.javascript.framework
plugin@org.eclipse.e4.languages.javascript.junit=CVS,tag=v20101028-1345,cvsRoot=:pserver:anonymous@dev.eclipse.org:/cvsroot/eclipse,path=e4/org.eclipse.e4.languages/bundles/org.eclipse.e4.languages.javascript.junit

plugin@org.dojotoolkit,1.6.1=p2IU,id=org.dojotoolkit,version=1.6.1.v201105210659,repository=http://download.eclipse.org/tools/orbit/downloads/drops/R20110523182458/repository

plugin@org.openid4java,0.9.5=p2IU,id=org.openid4java,version=0.9.5.v201105210655,repository=http://download.eclipse.org/tools/orbit/downloads/drops/R20110523182458/repository

#tests
plugin@org.eclipse.orion.server.tests=GIT,tag=v20120405-1221,repo=git://git.eclipse.org/gitroot/orion/org.eclipse.orion.server.git,path=tests/org.eclipse.orion.server.tests
plugin@org.eclipse.orion.server.sshconfig.home=GIT,tag=v20110420-1839,repo=git://git.eclipse.org/gitroot/orion/org.eclipse.orion.server.git,path=bundles/org.eclipse.orion.server.sshconfig.home

#git
#plugin@org.eclipse.jgit=p2IU,id=org.eclipse.jgit,repository=http://download.eclipse.org/egit/updates
plugin@org.eclipse.jgit=p2IU,id=org.eclipse.jgit,repository=http://download.eclipse.org/egit/updates-nightly

#features
feature@org.eclipse.orion.base.feature=GIT,tag=v20120403-1754,repo=git://git.eclipse.org/gitroot/orion/org.eclipse.orion.server.git,path=features/org.eclipse.orion.base-feature
feature@org.eclipse.orion.server.feature=GIT,tag=v20120403-1754,repo=git://git.eclipse.org/gitroot/orion/org.eclipse.orion.server.git,path=features/org.eclipse.orion.server-feature
feature@org.eclipse.orion.server.search.feature=GIT,tag=v20111102-1320,repo=git://git.eclipse.org/gitroot/orion/org.eclipse.orion.server.git,path=features/org.eclipse.orion.server.search-feature
feature@org.eclipse.orion.server.authentication.feature=GIT,tag=v20120403-1754,repo=git://git.eclipse.org/gitroot/orion/org.eclipse.orion.server.git,path=features/org.eclipse.orion.server.authentication-feature
feature@org.eclipse.orion.server.ui.feature=GIT,tag=v20110531-1918,repo=git://git.eclipse.org/gitroot/orion/org.eclipse.orion.server.git,path=features/org.eclipse.orion.server.ui-feature
feature@org.eclipse.orion.client.feature=GIT,tag=v20120416-1234,repo=git://git.eclipse.org/gitroot/orion/org.eclipse.orion.server.git,path=features/org.eclipse.orion.client-feature
feature@org.eclipse.orion.server.tests.feature=GIT,tag=v20110509-1730,repo=git://git.eclipse.org/gitroot/orion/org.eclipse.orion.server.git,path=features/org.eclipse.orion.server.tests-feature
feature@org.eclipse.orion.releng.test.master=GIT,tag=v20110425-1718,repo=git://git.eclipse.org/gitroot/orion/org.eclipse.orion.server.git,path=features/org.eclipse.orion.releng.test.master-feature
feature@org.eclipse.orion=GIT,tag=v20110811-1056,repo=git://git.eclipse.org/gitroot/orion/org.eclipse.orion.server.git,path=features/org.eclipse.orion-feature
