#client
plugin@org.eclipse.orion.client.core=GIT,tag=v20130214-1912,repo=git://git.eclipse.org/gitroot/orion/org.eclipse.orion.client.git,path=bundles/org.eclipse.orion.client.core
plugin@org.eclipse.orion.client.ui=GIT,tag=v20130221-2030,repo=git://git.eclipse.org/gitroot/orion/org.eclipse.orion.client.git,path=bundles/org.eclipse.orion.client.ui
plugin@org.eclipse.orion.client.editor=GIT,tag=v20130214-2117,repo=git://git.eclipse.org/gitroot/orion/org.eclipse.orion.client.git,path=bundles/org.eclipse.orion.client.editor
plugin@org.eclipse.orion.client.users=GIT,tag=v20130207-1922,repo=git://git.eclipse.org/gitroot/orion/org.eclipse.orion.client.git,path=bundles/org.eclipse.orion.client.users
plugin@org.eclipse.orion.client.git=GIT,tag=v20130222-1645,repo=git://git.eclipse.org/gitroot/orion/org.eclipse.orion.client.git,path=bundles/org.eclipse.orion.client.git

#server
plugin@org.eclipse.orion.launching=GIT,tag=v20110309-2156,repo=git://git.eclipse.org/gitroot/orion/org.eclipse.orion.server.git,path=bundles/org.eclipse.orion.launching
plugin@org.eclipse.orion.server.core=GIT,tag=v20130201-1100,repo=git://git.eclipse.org/gitroot/orion/org.eclipse.orion.server.git,path=bundles/org.eclipse.orion.server.core
plugin@org.eclipse.orion.server.servlets=GIT,tag=v20130206-2048,repo=git://git.eclipse.org/gitroot/orion/org.eclipse.orion.server.git,path=bundles/org.eclipse.orion.server.servlets
plugin@org.eclipse.orion.server.configurator=GIT,tag=v20130129-1943,repo=git://git.eclipse.org/gitroot/orion/org.eclipse.orion.server.git,path=bundles/org.eclipse.orion.server.configurator
plugin@org.eclipse.orion.server.basicauth=GIT,tag=v20110309-2156,repo=git://git.eclipse.org/gitroot/orion/org.eclipse.orion.server.git,path=bundles/org.eclipse.orion.server.basicauth
plugin@org.eclipse.orion.server.authentication=GIT,tag=v20121031-1839,repo=git://git.eclipse.org/gitroot/orion/org.eclipse.orion.server.git,path=bundles/org.eclipse.orion.server.authentication
plugin@org.eclipse.orion.server.git=GIT,tag=v20130206-1754,repo=git://git.eclipse.org/gitroot/orion/org.eclipse.orion.server.git,path=bundles/org.eclipse.orion.server.git
plugin@org.eclipse.orion.server.sshconfig.userprofile=GIT,tag=v20110420-1839,repo=git://git.eclipse.org/gitroot/orion/org.eclipse.orion.server.git,path=bundles/org.eclipse.orion.server.sshconfig.userprofile
plugin@org.eclipse.orion.server.user.securestorage=GIT,tag=v20121109-2133,repo=git://git.eclipse.org/gitroot/orion/org.eclipse.orion.server.git,path=bundles/org.eclipse.orion.server.user.securestorage
plugin@org.eclipse.orion.server.useradmin=GIT,tag=v20130207-1546,repo=git://git.eclipse.org/gitroot/orion/org.eclipse.orion.server.git,path=bundles/org.eclipse.orion.server.useradmin
plugin@org.eclipse.orion.server.useradmin.xml=GIT,tag=v20110412-0931,repo=git://git.eclipse.org/gitroot/orion/org.eclipse.orion.server.git,path=bundles/org.eclipse.orion.server.useradmin.xml
plugin@org.eclipse.orion.server.search=GIT,tag=v20130131-0030,repo=git://git.eclipse.org/gitroot/orion/org.eclipse.orion.server.git,path=bundles/org.eclipse.orion.server.search
fragment@org.eclipse.orion.server.logback.config=GIT,tag=v20130206-2048,repo=git://git.eclipse.org/gitroot/orion/org.eclipse.orion.server.git,path=bundles/org.eclipse.orion.server.logback.config
plugin@org.eclipse.orion.server.hosting=GIT,tag=v20130118-1514,repo=git://git.eclipse.org/gitroot/orion/org.eclipse.orion.server.git,path=bundles/org.eclipse.orion.server.hosting

#ui
plugin@org.eclipse.orion.server.ui=GIT,tag=v20121016-1843,repo=git://git.eclipse.org/gitroot/orion/org.eclipse.orion.server.git,path=bundles/org.eclipse.orion.server.ui

#doc
plugin@org.eclipse.orion.doc.isv=GIT,tag=v20130211-1513,repo=git://git.eclipse.org/gitroot/orion/org.eclipse.orion.server.git,path=doc/org.eclipse.orion.doc.isv
plugin@org.eclipse.orion.doc.user=GIT,tag=v20130211-1513,repo=git://git.eclipse.org/gitroot/orion/org.eclipse.orion.server.git,path=doc/org.eclipse.orion.doc.user

#tests
plugin@org.eclipse.orion.server.tests=GIT,tag=v20130103-1007,repo=git://git.eclipse.org/gitroot/orion/org.eclipse.orion.server.git,path=tests/org.eclipse.orion.server.tests
plugin@org.eclipse.orion.server.sshconfig.home=GIT,tag=v20110420-1839,repo=git://git.eclipse.org/gitroot/orion/org.eclipse.orion.server.git,path=bundles/org.eclipse.orion.server.sshconfig.home

#git
plugin@org.eclipse.jgit=p2IU,id=org.eclipse.jgit,repository=http://download.eclipse.org/egit/updates-2.1/
#plugin@org.eclipse.jgit=p2IU,id=org.eclipse.jgit,repository=http://download.eclipse.org/egit/updates-nightly

#features
feature@org.eclipse.orion.base.feature=GIT,tag=v20121016-1843,repo=git://git.eclipse.org/gitroot/orion/org.eclipse.orion.server.git,path=features/org.eclipse.orion.base-feature
feature@org.eclipse.orion.server.feature=GIT,tag=v20121016-1843,repo=git://git.eclipse.org/gitroot/orion/org.eclipse.orion.server.git,path=features/org.eclipse.orion.server-feature
feature@org.eclipse.orion.server.search.feature=GIT,tag=v20121016-2005,repo=git://git.eclipse.org/gitroot/orion/org.eclipse.orion.server.git,path=features/org.eclipse.orion.server.search-feature
feature@org.eclipse.orion.server.authentication.feature=GIT,tag=v20121016-1843,repo=git://git.eclipse.org/gitroot/orion/org.eclipse.orion.server.git,path=features/org.eclipse.orion.server.authentication-feature
feature@org.eclipse.orion.server.ui.feature=GIT,tag=v20121016-1843,repo=git://git.eclipse.org/gitroot/orion/org.eclipse.orion.server.git,path=features/org.eclipse.orion.server.ui-feature
feature@org.eclipse.orion.client.feature=GIT,tag=v20130128-2117,repo=git://git.eclipse.org/gitroot/orion/org.eclipse.orion.server.git,path=features/org.eclipse.orion.client-feature
feature@org.eclipse.orion.server.tests.feature=GIT,tag=v20121016-1843,repo=git://git.eclipse.org/gitroot/orion/org.eclipse.orion.server.git,path=features/org.eclipse.orion.server.tests-feature
feature@org.eclipse.orion.releng.test.master=GIT,tag=v20120423-1918,repo=git://git.eclipse.org/gitroot/orion/org.eclipse.orion.server.git,path=features/org.eclipse.orion.releng.test.master-feature
feature@org.eclipse.orion=GIT,tag=v20130118-1514,repo=git://git.eclipse.org/gitroot/orion/org.eclipse.orion.server.git,path=features/org.eclipse.orion-feature
