feature@org.eclipse.license=GIT,tag=v20110208,repo=git://git.eclipse.org/gitroot/platform/eclipse.platform.releng.git,path=features/org.eclipse.license

plugin@org.eclipse.core.contenttype=p2IU,id=org.eclipse.core.contenttype,repository=ECLIPSE_PLATFORM_REPO
plugin@org.eclipse.core.expressions=p2IU,id=org.eclipse.core.expressions,repository=ECLIPSE_PLATFORM_REPO

plugin@org.eclipse.core.filesystem=p2IU,id=org.eclipse.core.filesystem,repository=ECLIPSE_PLATFORM_REPO
fragment@org.eclipse.core.filesystem.aix.ppc=p2IU,id=org.eclipse.core.filesystem.aix.ppc,repository=ECLIPSE_PLATFORM_REPO
fragment@org.eclipse.core.filesystem.hpux.ia64_32=p2IU,id=org.eclipse.core.filesystem.hpux.ia64_32,repository=ECLIPSE_PLATFORM_REPO
fragment@org.eclipse.core.filesystem.linux.ppc=p2IU,id=org.eclipse.core.filesystem.linux.ppc,repository=ECLIPSE_PLATFORM_REPO
fragment@org.eclipse.core.filesystem.linux.x86=p2IU,id=org.eclipse.core.filesystem.linux.x86,repository=ECLIPSE_PLATFORM_REPO
fragment@org.eclipse.core.filesystem.linux.x86_64=p2IU,id=org.eclipse.core.filesystem.linux.x86_64,repository=ECLIPSE_PLATFORM_REPO
fragment@org.eclipse.core.filesystem.macosx=p2IU,id=org.eclipse.core.filesystem.macosx,repository=ECLIPSE_PLATFORM_REPO
fragment@org.eclipse.core.filesystem.solaris.sparc=p2IU,id=org.eclipse.core.filesystem.solaris.sparc,repository=ECLIPSE_PLATFORM_REPO
fragment@org.eclipse.core.filesystem.win32.x86=p2IU,id=org.eclipse.core.filesystem.win32.x86,repository=ECLIPSE_PLATFORM_REPO
fragment@org.eclipse.core.filesystem.win32.x86_64=p2IU,id=org.eclipse.core.filesystem.win32.x86_64,repository=ECLIPSE_PLATFORM_REPO

plugin@org.eclipse.core.jobs=p2IU,id=org.eclipse.core.jobs,repository=ECLIPSE_PLATFORM_REPO

plugin@org.eclipse.core.net=p2IU,id=org.eclipse.core.net,repository=ECLIPSE_PLATFORM_REPO
fragment@org.eclipse.core.net.linux.x86=p2IU,id=org.eclipse.core.net.linux.x86,repository=ECLIPSE_PLATFORM_REPO
fragment@org.eclipse.core.net.linux.x86_64=p2IU,id=org.eclipse.core.net.linux.x86_64,repository=ECLIPSE_PLATFORM_REPO
fragment@org.eclipse.core.net.win32.x86=p2IU,id=org.eclipse.core.net.win32.x86,repository=ECLIPSE_PLATFORM_REPO
fragment@org.eclipse.core.net.win32.x86_64=p2IU,id=org.eclipse.core.net.win32.x86_64,repository=ECLIPSE_PLATFORM_REPO

plugin@org.eclipse.core.runtime=p2IU,id=org.eclipse.core.runtime,repository=ECLIPSE_PLATFORM_REPO

#Felix console
plugin@org.apache.felix.gogo.command=p2IU,id=org.apache.felix.gogo.command,repository=ECLIPSE_PLATFORM_REPO
plugin@org.apache.felix.gogo.runtime=p2IU,id=org.apache.felix.gogo.runtime,repository=ECLIPSE_PLATFORM_REPO
plugin@org.apache.felix.gogo.shell=p2IU,id=org.apache.felix.gogo.shell,repository=ECLIPSE_PLATFORM_REPO

#Equinox
plugin@org.eclipse.osgi=p2IU,id=org.eclipse.osgi,repository=ECLIPSE_PLATFORM_REPO
plugin@org.eclipse.osgi.services=p2IU,id=org.eclipse.osgi.services,repository=ECLIPSE_PLATFORM_REPO
plugin@org.eclipse.equinox.app=p2IU,id=org.eclipse.equinox.app,repository=ECLIPSE_PLATFORM_REPO
plugin@org.eclipse.equinox.common=p2IU,id=org.eclipse.equinox.common,repository=ECLIPSE_PLATFORM_REPO
plugin@org.eclipse.equinox.console=p2IU,id=org.eclipse.equinox.console,repository=ECLIPSE_PLATFORM_REPO
plugin@org.eclipse.equinox.ds=p2IU,id=org.eclipse.equinox.ds,repository=ECLIPSE_PLATFORM_REPO
plugin@org.eclipse.equinox.http.jetty=p2IU,id=org.eclipse.equinox.http.jetty,repository=ECLIPSE_PLATFORM_REPO
plugin@org.eclipse.equinox.http.registry=p2IU,id=org.eclipse.equinox.http.registry,repository=ECLIPSE_PLATFORM_REPO
plugin@org.eclipse.equinox.http.servlet=p2IU,id=org.eclipse.equinox.http.servlet,repository=ECLIPSE_PLATFORM_REPO
plugin@org.eclipse.equinox.preferences=p2IU,id=org.eclipse.equinox.preferences,repository=ECLIPSE_PLATFORM_REPO
plugin@org.eclipse.equinox.registry=p2IU,id=org.eclipse.equinox.registry,repository=ECLIPSE_PLATFORM_REPO
plugin@org.eclipse.equinox.security=p2IU,id=org.eclipse.equinox.security,repository=ECLIPSE_PLATFORM_REPO
fragment@org.eclipse.equinox.security.macosx=p2IU,id=org.eclipse.equinox.security.macosx,repository=ECLIPSE_PLATFORM_REPO
fragment@org.eclipse.equinox.security.win32.x86=p2IU,id=org.eclipse.equinox.security.win32.x86,repository=ECLIPSE_PLATFORM_REPO
plugin@org.eclipse.equinox.simpleconfigurator=p2IU,id=org.eclipse.equinox.simpleconfigurator,repository=ECLIPSE_PLATFORM_REPO
plugin@org.eclipse.equinox.util=p2IU,id=org.eclipse.equinox.util,repository=ECLIPSE_PLATFORM_REPO

#Jetty and its dependencies
plugin@javax.el=p2IU,id=javax.el,repository=ECLIPSE_PLATFORM_REPO
plugin@com.sun.el=p2IU,id=com.sun.el,repository=ECLIPSE_PLATFORM_REPO
plugin@org.eclipse.jetty.security=p2IU,id=org.eclipse.jetty.security,repository=ECLIPSE_PLATFORM_REPO
plugin@org.eclipse.jetty.server=p2IU,id=org.eclipse.jetty.server,repository=ECLIPSE_PLATFORM_REPO
plugin@org.eclipse.jetty.servlet=p2IU,id=org.eclipse.jetty.servlet,repository=ECLIPSE_PLATFORM_REPO
plugin@org.eclipse.jetty.util=p2IU,id=org.eclipse.jetty.util,repository=ECLIPSE_PLATFORM_REPO
plugin@org.eclipse.jetty.http=p2IU,id=org.eclipse.jetty.http,repository=ECLIPSE_PLATFORM_REPO
plugin@org.eclipse.jetty.io=p2IU,id=org.eclipse.jetty.io,repository=ECLIPSE_PLATFORM_REPO
plugin@org.eclipse.jetty.continuation=p2IU,id=org.eclipse.jetty.continuation,repository=ECLIPSE_PLATFORM_REPO
plugin@javax.servlet=p2IU,id=javax.servlet,repository=ECLIPSE_PLATFORM_REPO
plugin@javax.servlet.jsp=p2IU,id=javax.servlet.jsp,repository=ECLIPSE_PLATFORM_REPO
plugin@org.apache.jasper.glassfish=p2IU,id=org.apache.jasper.glassfish,repository=ECLIPSE_PLATFORM_REPO
plugin@org.eclipse.jdt.core.compiler.batch=p2IU,id=org.eclipse.jdt.core.compiler.batch,repository=ECLIPSE_PLATFORM_REPO

#Not in the SDK but we need it for GZipFilter
plugin@org.eclipse.jetty.servlets=p2IU,id=org.eclipse.jetty.servlets,repository=http://download.eclipse.org/jetty/updates/jetty-bundles-8.x/8.1.3.v20120522/
plugin@org.eclipse.jetty.client=p2IU,id=org.eclipse.jetty.client,repository=http://download.eclipse.org/jetty/updates/jetty-bundles-8.x/8.1.3.v20120522/

#Required by tests
plugin@org.eclipse.core.resources=p2IU,id=org.eclipse.core.resources,repository=ECLIPSE_PLATFORM_REPO
fragment@org.eclipse.core.resources.win32.x86=p2IU,id=org.eclipse.core.resources.win32.x86,repository=ECLIPSE_PLATFORM_REPO
plugin@org.eclipse.core.variables=p2IU,id=org.eclipse.core.variables,repository=ECLIPSE_PLATFORM_REPO
plugin@org.eclipse.debug.core=p2IU,id=org.eclipse.debug.core,repository=ECLIPSE_PLATFORM_REPO
plugin@org.eclipse.team.core=p2IU,id=org.eclipse.team.core,repository=ECLIPSE_PLATFORM_REPO
plugin@org.eclipse.jsch.core=p2IU,id=org.eclipse.jsch.core,repository=ECLIPSE_PLATFORM_REPO

plugin@org.eclipse.test.performance=p2IU,id=org.eclipse.test.performance,repository=ECLIPSE_PLATFORM_REPO
plugin@org.eclipse.core.tests.harness=p2IU,id=org.eclipse.core.tests.harness,repository=ECLIPSE_PLATFORM_REPO
plugin@org.eclipse.core.tests.resources=p2IU,id=org.eclipse.core.tests.resources,repository=ECLIPSE_PLATFORM_REPO
plugin@org.eclipse.pde.junit.runtime=p2IU,id=org.eclipse.pde.junit.runtime,repository=ECLIPSE_PLATFORM_REPO
plugin@org.eclipse.jdt.junit.runtime=p2IU,id=org.eclipse.jdt.junit.runtime,repository=ECLIPSE_PLATFORM_REPO
plugin@org.eclipse.core.runtime.compatibility=p2IU,id=org.eclipse.core.runtime.compatibility,repository=ECLIPSE_PLATFORM_REPO
plugin@org.eclipse.update.configurator=p2IU,id=org.eclipse.update.configurator,repository=ECLIPSE_PLATFORM_REPO

#Help dependencies
plugin@org.eclipse.help.base=p2IU,id=org.eclipse.help.base,repository=ECLIPSE_PLATFORM_REPO
plugin@org.eclipse.help=p2IU,id=org.eclipse.help,repository=ECLIPSE_PLATFORM_REPO
plugin@org.eclipse.help.webapp=p2IU,id=org.eclipse.help.webapp,repository=ECLIPSE_PLATFORM_REPO
plugin@org.eclipse.equinox.jsp.jasper.registry=p2IU,id=org.eclipse.equinox.jsp.jasper.registry,repository=ECLIPSE_PLATFORM_REPO
plugin@org.eclipse.equinox.jsp.jasper=p2IU,id=org.eclipse.equinox.jsp.jasper,repository=ECLIPSE_PLATFORM_REPO
plugin@com.ibm.icu=p2IU,id=com.ibm.icu,repository=ECLIPSE_PLATFORM_REPO
plugin@org.apache.commons.logging=p2IU,id=org.apache.commons.logging,repository=ECLIPSE_PLATFORM_REPO
plugin@org.apache.commons.el=p2IU,id=org.apache.commons.el,repository=ECLIPSE_PLATFORM_REPO

#UI bits for orion server UI
plugin@org.eclipse.ui.workbench.texteditor=p2IU,id=org.eclipse.ui.workbench.texteditor,repository=ECLIPSE_PLATFORM_REPO
plugin@org.eclipse.ui.console=p2IU,id=org.eclipse.ui.console,repository=ECLIPSE_PLATFORM_REPO
plugin@org.eclipse.jface.text=p2IU,id=org.eclipse.jface.text,repository=ECLIPSE_PLATFORM_REPO
plugin@org.eclipse.core.variable=p2IU,id=org.eclipse.core.variable,repository=ECLIPSE_PLATFORM_REPO
plugin@org.eclipse.compare.core=p2IU,id=org.eclipse.compare.core,repository=ECLIPSE_PLATFORM_REPO
plugin@org.eclipse.text=p2IU,id=org.eclipse.text,repository=ECLIPSE_PLATFORM_REPO

